// Jest Snapshot v1, https://goo.gl/fbAQLP

exports[`<Button /> renders correctly 1`] = `
<button
  className="sc-bdfBwQ eqEdkr"
  type="button"
>
  Hello World
</button>
`;
