// Jest Snapshot v1, https://goo.gl/fbAQLP

exports[`<Legend /> renders correctly 1`] = `
<div
  className="sc-bdfBwQ Krtgc"
>
  Legent Test
</div>
`;
